// Jest Snapshot v1, https://goo.gl/fbAQLP

exports[`Home component Should render like snapshot 1`] = `
ShallowWrapper {
  Symbol(enzyme.__root__): [Circular],
  Symbol(enzyme.__unrendered__): <Home />,
  Symbol(enzyme.__renderer__): Object {
    "batchedUpdates": [Function],
    "getNode": [Function],
    "render": [Function],
    "simulateError": [Function],
    "simulateEvent": [Function],
    "unmount": [Function],
  },
  Symbol(enzyme.__node__): Object {
    "instance": null,
    "key": undefined,
    "nodeType": "host",
    "props": Object {
      "children": Array [
        <div
          className="Home-title-page"
        >
          <div
            className="title-container"
          >
            <div
              className="title-box"
            >
              <h1
                className="Home-title"
              >
                GLOBE SQUASHERS
              </h1>
              <p
                className="Home-subheader"
              >
                HELP PROVE THE HUBBLE TELESCOPE IS A LIE
              </p>
            </div>
            <div
              className="button-wrapper"
            >
              <button
                className="scroll-to-info"
                onClick={[Function]}
              >
                <p
                  className="button-header"
                >
                  MORE INFO
                </p>
                <i
                  className="fas fa-caret-down"
                />
              </button>
            </div>
          </div>
        </div>,
        <InfoPage />,
      ],
      "className": "Home",
    },
    "ref": null,
    "rendered": Array [
      Object {
        "instance": null,
        "key": undefined,
        "nodeType": "host",
        "props": Object {
          "children": <div
            className="title-container"
          >
            <div
              className="title-box"
            >
              <h1
                className="Home-title"
              >
                GLOBE SQUASHERS
              </h1>
              <p
                className="Home-subheader"
              >
                HELP PROVE THE HUBBLE TELESCOPE IS A LIE
              </p>
            </div>
            <div
              className="button-wrapper"
            >
              <button
                className="scroll-to-info"
                onClick={[Function]}
              >
                <p
                  className="button-header"
                >
                  MORE INFO
                </p>
                <i
                  className="fas fa-caret-down"
                />
              </button>
            </div>
          </div>,
          "className": "Home-title-page",
        },
        "ref": null,
        "rendered": Object {
          "instance": null,
          "key": undefined,
          "nodeType": "host",
          "props": Object {
            "children": Array [
              <div
                className="title-box"
              >
                <h1
                  className="Home-title"
                >
                  GLOBE SQUASHERS
                </h1>
                <p
                  className="Home-subheader"
                >
                  HELP PROVE THE HUBBLE TELESCOPE IS A LIE
                </p>
              </div>,
              <div
                className="button-wrapper"
              >
                <button
                  className="scroll-to-info"
                  onClick={[Function]}
                >
                  <p
                    className="button-header"
                  >
                    MORE INFO
                  </p>
                  <i
                    className="fas fa-caret-down"
                  />
                </button>
              </div>,
            ],
            "className": "title-container",
          },
          "ref": null,
          "rendered": Array [
            Object {
              "instance": null,
              "key": undefined,
              "nodeType": "host",
              "props": Object {
                "children": Array [
                  <h1
                    className="Home-title"
                  >
                    GLOBE SQUASHERS
                  </h1>,
                  <p
                    className="Home-subheader"
                  >
                    HELP PROVE THE HUBBLE TELESCOPE IS A LIE
                  </p>,
                ],
                "className": "title-box",
              },
              "ref": null,
              "rendered": Array [
                Object {
                  "instance": null,
                  "key": undefined,
                  "nodeType": "host",
                  "props": Object {
                    "children": "GLOBE SQUASHERS",
                    "className": "Home-title",
                  },
                  "ref": null,
                  "rendered": "GLOBE SQUASHERS",
                  "type": "h1",
                },
                Object {
                  "instance": null,
                  "key": undefined,
                  "nodeType": "host",
                  "props": Object {
                    "children": "HELP PROVE THE HUBBLE TELESCOPE IS A LIE",
                    "className": "Home-subheader",
                  },
                  "ref": null,
                  "rendered": "HELP PROVE THE HUBBLE TELESCOPE IS A LIE",
                  "type": "p",
                },
              ],
              "type": "div",
            },
            Object {
              "instance": null,
              "key": undefined,
              "nodeType": "host",
              "props": Object {
                "children": <button
                  className="scroll-to-info"
                  onClick={[Function]}
                >
                  <p
                    className="button-header"
                  >
                    MORE INFO
                  </p>
                  <i
                    className="fas fa-caret-down"
                  />
                </button>,
                "className": "button-wrapper",
              },
              "ref": null,
              "rendered": Object {
                "instance": null,
                "key": undefined,
                "nodeType": "host",
                "props": Object {
                  "children": Array [
                    <p
                      className="button-header"
                    >
                      MORE INFO
                    </p>,
                    <i
                      className="fas fa-caret-down"
                    />,
                  ],
                  "className": "scroll-to-info",
                  "onClick": [Function],
                },
                "ref": null,
                "rendered": Array [
                  Object {
                    "instance": null,
                    "key": undefined,
                    "nodeType": "host",
                    "props": Object {
                      "children": "MORE INFO",
                      "className": "button-header",
                    },
                    "ref": null,
                    "rendered": "MORE INFO",
                    "type": "p",
                  },
                  Object {
                    "instance": null,
                    "key": undefined,
                    "nodeType": "host",
                    "props": Object {
                      "className": "fas fa-caret-down",
                    },
                    "ref": null,
                    "rendered": null,
                    "type": "i",
                  },
                ],
                "type": "button",
              },
              "type": "div",
            },
          ],
          "type": "div",
        },
        "type": "div",
      },
      Object {
        "instance": null,
        "key": undefined,
        "nodeType": "function",
        "props": Object {},
        "ref": null,
        "rendered": null,
        "type": [Function],
      },
    ],
    "type": "div",
  },
  Symbol(enzyme.__nodes__): Array [
    Object {
      "instance": null,
      "key": undefined,
      "nodeType": "host",
      "props": Object {
        "children": Array [
          <div
            className="Home-title-page"
          >
            <div
              className="title-container"
            >
              <div
                className="title-box"
              >
                <h1
                  className="Home-title"
                >
                  GLOBE SQUASHERS
                </h1>
                <p
                  className="Home-subheader"
                >
                  HELP PROVE THE HUBBLE TELESCOPE IS A LIE
                </p>
              </div>
              <div
                className="button-wrapper"
              >
                <button
                  className="scroll-to-info"
                  onClick={[Function]}
                >
                  <p
                    className="button-header"
                  >
                    MORE INFO
                  </p>
                  <i
                    className="fas fa-caret-down"
                  />
                </button>
              </div>
            </div>
          </div>,
          <InfoPage />,
        ],
        "className": "Home",
      },
      "ref": null,
      "rendered": Array [
        Object {
          "instance": null,
          "key": undefined,
          "nodeType": "host",
          "props": Object {
            "children": <div
              className="title-container"
            >
              <div
                className="title-box"
              >
                <h1
                  className="Home-title"
                >
                  GLOBE SQUASHERS
                </h1>
                <p
                  className="Home-subheader"
                >
                  HELP PROVE THE HUBBLE TELESCOPE IS A LIE
                </p>
              </div>
              <div
                className="button-wrapper"
              >
                <button
                  className="scroll-to-info"
                  onClick={[Function]}
                >
                  <p
                    className="button-header"
                  >
                    MORE INFO
                  </p>
                  <i
                    className="fas fa-caret-down"
                  />
                </button>
              </div>
            </div>,
            "className": "Home-title-page",
          },
          "ref": null,
          "rendered": Object {
            "instance": null,
            "key": undefined,
            "nodeType": "host",
            "props": Object {
              "children": Array [
                <div
                  className="title-box"
                >
                  <h1
                    className="Home-title"
                  >
                    GLOBE SQUASHERS
                  </h1>
                  <p
                    className="Home-subheader"
                  >
                    HELP PROVE THE HUBBLE TELESCOPE IS A LIE
                  </p>
                </div>,
                <div
                  className="button-wrapper"
                >
                  <button
                    className="scroll-to-info"
                    onClick={[Function]}
                  >
                    <p
                      className="button-header"
                    >
                      MORE INFO
                    </p>
                    <i
                      className="fas fa-caret-down"
                    />
                  </button>
                </div>,
              ],
              "className": "title-container",
            },
            "ref": null,
            "rendered": Array [
              Object {
                "instance": null,
                "key": undefined,
                "nodeType": "host",
                "props": Object {
                  "children": Array [
                    <h1
                      className="Home-title"
                    >
                      GLOBE SQUASHERS
                    </h1>,
                    <p
                      className="Home-subheader"
                    >
                      HELP PROVE THE HUBBLE TELESCOPE IS A LIE
                    </p>,
                  ],
                  "className": "title-box",
                },
                "ref": null,
                "rendered": Array [
                  Object {
                    "instance": null,
                    "key": undefined,
                    "nodeType": "host",
                    "props": Object {
                      "children": "GLOBE SQUASHERS",
                      "className": "Home-title",
                    },
                    "ref": null,
                    "rendered": "GLOBE SQUASHERS",
                    "type": "h1",
                  },
                  Object {
                    "instance": null,
                    "key": undefined,
                    "nodeType": "host",
                    "props": Object {
                      "children": "HELP PROVE THE HUBBLE TELESCOPE IS A LIE",
                      "className": "Home-subheader",
                    },
                    "ref": null,
                    "rendered": "HELP PROVE THE HUBBLE TELESCOPE IS A LIE",
                    "type": "p",
                  },
                ],
                "type": "div",
              },
              Object {
                "instance": null,
                "key": undefined,
                "nodeType": "host",
                "props": Object {
                  "children": <button
                    className="scroll-to-info"
                    onClick={[Function]}
                  >
                    <p
                      className="button-header"
                    >
                      MORE INFO
                    </p>
                    <i
                      className="fas fa-caret-down"
                    />
                  </button>,
                  "className": "button-wrapper",
                },
                "ref": null,
                "rendered": Object {
                  "instance": null,
                  "key": undefined,
                  "nodeType": "host",
                  "props": Object {
                    "children": Array [
                      <p
                        className="button-header"
                      >
                        MORE INFO
                      </p>,
                      <i
                        className="fas fa-caret-down"
                      />,
                    ],
                    "className": "scroll-to-info",
                    "onClick": [Function],
                  },
                  "ref": null,
                  "rendered": Array [
                    Object {
                      "instance": null,
                      "key": undefined,
                      "nodeType": "host",
                      "props": Object {
                        "children": "MORE INFO",
                        "className": "button-header",
                      },
                      "ref": null,
                      "rendered": "MORE INFO",
                      "type": "p",
                    },
                    Object {
                      "instance": null,
                      "key": undefined,
                      "nodeType": "host",
                      "props": Object {
                        "className": "fas fa-caret-down",
                      },
                      "ref": null,
                      "rendered": null,
                      "type": "i",
                    },
                  ],
                  "type": "button",
                },
                "type": "div",
              },
            ],
            "type": "div",
          },
          "type": "div",
        },
        Object {
          "instance": null,
          "key": undefined,
          "nodeType": "function",
          "props": Object {},
          "ref": null,
          "rendered": null,
          "type": [Function],
        },
      ],
      "type": "div",
    },
  ],
  Symbol(enzyme.__options__): Object {
    "adapter": ReactSixteenAdapter {
      "options": Object {
        "enableComponentDidUpdateOnSetState": true,
        "lifecycles": Object {
          "componentDidUpdate": Object {
            "onSetState": true,
          },
          "getDerivedStateFromProps": true,
          "getSnapshotBeforeUpdate": true,
          "setState": Object {
            "skipsComponentDidUpdateOnNullish": true,
          },
        },
      },
    },
  },
}
`;
