// Jest Snapshot v1, https://goo.gl/fbAQLP

exports[`rootReducer Should match snapshot 1`] = `[Function]`;
